// Jest Snapshot v1, https://goo.gl/fbAQLP

exports[`<Users/> Users snapshot 1`] = `
<DocumentFragment>
  <div
    class="Toastify"
  />
  <div
    class="MuiBox-root css-0"
  >
    <div
      class="MuiBox-root css-1xn3edc"
    >
      <h3
        class="MuiTypography-root MuiTypography-h3 css-158hdt-MuiTypography-root"
      >
        <svg
          aria-hidden="true"
          class="MuiSvgIcon-root MuiSvgIcon-fontSizeLarge css-1qpx589-MuiSvgIcon-root"
          data-testid="PeopleIcon"
          focusable="false"
          viewBox="0 0 24 24"
        >
          <path
            d="M16 11c1.66 0 2.99-1.34 2.99-3S17.66 5 16 5s-3 1.34-3 3 1.34 3 3 3m-8 0c1.66 0 2.99-1.34 2.99-3S9.66 5 8 5 5 6.34 5 8s1.34 3 3 3m0 2c-2.33 0-7 1.17-7 3.5V19h14v-2.5c0-2.33-4.67-3.5-7-3.5m8 0c-.29 0-.62.02-.97.05 1.16.84 1.97 1.97 1.97 3.45V19h6v-2.5c0-2.33-4.67-3.5-7-3.5"
          />
        </svg>
        Users
      </h3>
      <h6
        class="MuiTypography-root MuiTypography-subtitle2 css-qxsh4m-MuiTypography-root"
      >
        All Company Users
      </h6>
    </div>
    <div
      class="MuiPaper-root MuiPaper-outlined MuiPaper-rounded css-i9zgug-MuiPaper-root"
    >
      <div
        class="MuiBox-root css-1ff8r59"
      >
        <div
          class="MuiBox-root css-0"
        >
          <span
            class="MuiCircularProgress-root MuiCircularProgress-indeterminate MuiCircularProgress-colorPrimary css-1wxecgq-MuiCircularProgress-root"
            role="progressbar"
            style="width: 40px; height: 40px;"
          >
            <svg
              class="MuiCircularProgress-svg css-54pwck-MuiCircularProgress-svg"
              viewBox="22 22 44 44"
            >
              <circle
                class="MuiCircularProgress-circle MuiCircularProgress-circleIndeterminate css-960umw-MuiCircularProgress-circle"
                cx="44"
                cy="44"
                fill="none"
                r="20.2"
                stroke-width="3.6"
              />
            </svg>
          </span>
          <h6
            class="MuiTypography-root MuiTypography-subtitle1 css-i5usgo-MuiTypography-root"
          >
            Loading User List
          </h6>
        </div>
      </div>
    </div>
  </div>
</DocumentFragment>
`;
